// Jest Snapshot v1, https://goo.gl/fbAQLP

exports[`CardBody should render a CardBody 1`] = `
<div
  className="CardBody"
>
  <div
    className="meta"
  >
    <span
      className="date"
    >
      1st January 1970
    </span>
    <span
      className="readTime"
    >
      1 min
    </span>
  </div>
  <h1>
    Lorem ipsum dolor sit
  </h1>
  <p>
    Lorem ipsum dolor sit amet, consectetur adipiscing elit, sed do eiusmod tempor incididunt ut labore et dolore magna aliqua.
  </p>
  <hr />
</div>
`;
